// Jest Snapshot v1, https://goo.gl/fbAQLP

exports[`renders correctly 1`] = `
<div
  className="row"
>
  <div
    className="offset-3 col-md-4"
  >
    <p>
      Now! Let us do some Maths!
    </p>
  </div>
  <div
    className="col-md-4 border"
  >
    <div
      className="Calculator-container"
    >
      <div
        className="row"
      >
        <div
          className="Screen p-4"
        >
          0
        </div>
      </div>
      <div
        className="row Buttons-container"
      >
        <div
          className="col-md-10"
        >
          <div
            className="row"
          >
            <button
              className="col-md-4 Buttons p-4"
              data-clicked="AC"
              onClick={[Function]}
              type="button"
            >
              AC
            </button>
            <button
              className="col-md-4 Buttons p-4"
              data-clicked="+/-"
              onClick={[Function]}
              type="button"
            >
              +/-
            </button>
            <button
              className="col-md-4 Buttons p-4"
              data-clicked="%"
              onClick={[Function]}
              type="button"
            >
              %
            </button>
            <button
              className="col-md-4 Buttons p-4"
              data-clicked="7"
              onClick={[Function]}
              type="button"
            >
              7
            </button>
            <button
              className="col-md-4 Buttons p-4"
              data-clicked="8"
              onClick={[Function]}
              type="button"
            >
              8
            </button>
            <button
              className="col-md-4 Buttons p-4"
              data-clicked="9"
              onClick={[Function]}
              type="button"
            >
              9
            </button>
            <button
              className="col-md-4 Buttons p-4"
              data-clicked="4"
              onClick={[Function]}
              type="button"
            >
              4
            </button>
            <button
              className="col-md-4 Buttons p-4"
              data-clicked="5"
              onClick={[Function]}
              type="button"
            >
              5
            </button>
            <button
              className="col-md-4 Buttons p-4"
              data-clicked="6"
              onClick={[Function]}
              type="button"
            >
              6
            </button>
            <button
              className="col-md-4 Buttons p-4"
              data-clicked="1"
              onClick={[Function]}
              type="button"
            >
              1
            </button>
            <button
              className="col-md-4 Buttons p-4"
              data-clicked="2"
              onClick={[Function]}
              type="button"
            >
              2
            </button>
            <button
              className="col-md-4 Buttons p-4"
              data-clicked="3"
              onClick={[Function]}
              type="button"
            >
              3
            </button>
            <button
              className="col-md-8 Buttons p-4"
              data-clicked="0"
              onClick={[Function]}
              type="button"
            >
              0
            </button>
            <button
              className="col-md-4 Buttons p-4"
              data-clicked="."
              onClick={[Function]}
              type="button"
            >
              .
            </button>
          </div>
        </div>
        <div
          className="col-md-2"
        >
          <div
            className="row"
          >
            <button
              className="col-md-12 Arithmetic-buttons p-4"
              data-clicked="รท"
              onClick={[Function]}
              type="button"
            >
              รท
            </button>
            <button
              className="col-md-12 Arithmetic-buttons p-4"
              data-clicked="x"
              onClick={[Function]}
              type="button"
            >
              x
            </button>
            <button
              className="col-md-12 Arithmetic-buttons p-4"
              data-clicked="-"
              onClick={[Function]}
              type="button"
            >
              -
            </button>
            <button
              className="col-md-12 Arithmetic-buttons p-4"
              data-clicked="+"
              onClick={[Function]}
              type="button"
            >
              +
            </button>
            <button
              className="col-md-12 Arithmetic-buttons p-4"
              data-clicked="="
              onClick={[Function]}
              type="button"
            >
              =
            </button>
          </div>
        </div>
      </div>
    </div>
  </div>
</div>
`;
